MongoDB connected: ac-6ivpdae-shard-00-01.ra8j2mr.mongodb.net
API running on port 5000 in development mode
[0mGET /api/health [32m200[0m 82.344 ms - 134[0m
[0mGET /api/health [32m200[0m 109.947 ms - 136[0m
[0mGET /api/health [32m200[0m 65.987 ms - 136[0m
[0mGET /api/health [32m200[0m 70.518 ms - 136[0m
[0mGET /favicon.ico [33m404[0m 37.555 ms - 58[0m
[0mGET /api/health [32m200[0m 70.364 ms - 136[0m
[0mPOST /api/auth/login [33m401[0m 1023.004 ms - 230[0m
[0mPOST /api/auth/login [32m200[0m 973.344 ms - 462[0m
[0mPOST /api/auth/login [32m200[0m 805.768 ms - 462[0m
[0mPOST /api/auth/logout [32m200[0m 1.199 ms - 56[0m
[0mGET /api/health [32m200[0m 80.285 ms - 136[0m
[0mPOST /api/auth/login [32m200[0m 749.493 ms - 462[0m
[0mGET /api/projects?limit=5&sort=-createdAt [32m200[0m 205.153 ms - 109[0m
[0mGET /api/posts/admin/all?limit=5&sort=-createdAt [32m200[0m 271.033 ms - 106[0m
[0mGET /api/contact/messages?status=unread&limit=1 [32m200[0m 259.993 ms - 109[0m
[0mGET /api/posts/admin/all?status=draft&limit=1 [32m200[0m 716.028 ms - 106[0m
[0mGET /api/projects?limit=5&sort=-createdAt [36m304[0m 70.313 ms - -[0m
[0mGET /api/posts/admin/all?limit=5&sort=-createdAt [36m304[0m 141.591 ms - -[0m
[0mGET /api/posts/admin/all?status=draft&limit=1 [36m304[0m 142.084 ms - -[0m
[0mGET /api/contact/messages?status=unread&limit=1 [36m304[0m 613.899 ms - -[0m
[0mGET /api/projects?limit=5&sort=-createdAt [36m304[0m 99.617 ms - -[0m
[0mGET /api/posts/admin/all?limit=5&sort=-createdAt [36m304[0m 163.282 ms - -[0m
[0mGET /api/posts/admin/all?status=draft&limit=1 [36m304[0m 157.541 ms - -[0m
[0mGET /api/contact/messages?status=unread&limit=1 [36m304[0m 137.388 ms - -[0m
[0mGET /api/projects?limit=5&sort=-createdAt [36m304[0m 71.207 ms - -[0m
[0mGET /api/posts/admin/all?limit=5&sort=-createdAt [36m304[0m 138.775 ms - -[0m
[0mGET /api/posts/admin/all?status=draft&limit=1 [36m304[0m 140.030 ms - -[0m
[0mGET /api/contact/messages?status=unread&limit=1 [36m304[0m 135.273 ms - -[0m
